// Jest Snapshot v1, https://goo.gl/fbAQLP

exports[`render card component 1`] = `ShallowWrapper {}`;
